<?xml version="1.0" encoding="UTF-8"?>
<testsuites name="jest tests" tests="3" failures="0" time="0.205">
  <testsuite name="undefined" errors="0" failures="0" skipped="0" timestamp="2019-05-06T16:34:59" time="0.201" tests="3">
    <testcase classname=" Render StyledLink component with default colors." name=" Render StyledLink component with default colors." time="0.003">
    </testcase>
    <testcase classname=" Render StyledLink component with custom colors." name=" Render StyledLink component with custom colors." time="0.002">
    </testcase>
    <testcase classname=" StyledLink component w/out href renders as &lt;span&gt;." name=" StyledLink component w/out href renders as &lt;span&gt;." time="0.001">
    </testcase>
  </testsuite>
</testsuites>